// Jest Snapshot v1, https://goo.gl/fbAQLP

exports[`CookieBar.vue renders cookie bar container 1`] = `
<div id="cookie-notification" class="cookie-bar">
  <div class="cookie-bar__container">
    <div role="alert" data-display="flex" class="cookie-bar__notification">
      <div class="cookie-bar__text">
        <h2 class="cookie-bar__title"></h2>
        <p class="no-margin"></p>
      </div>
      <div class="cookie-bar__actions">
        <div class="cookie-bar__buttons"><button id="cookie-notification__accept" class="cookie-bar__button cookie-bar__button--primary">
            Accept
          </button> <button id="cookie-notification__decline" class="cookie-bar__button cookie-bar__button--secondary">
            Decline
          </button></div>
      </div>
    </div>
  </div>
  <overlay-stub></overlay-stub>
</div>
`;
