// Jest Snapshot v1, https://goo.gl/fbAQLP

exports[`CookieBar.vue renders cookie bar container 1`] = `
<div id="cookie-notification" role="dialog" aria-labelledby="cookieBarDialogTitle" aria-describedby="cookieBarDialogDesc" data-display="flex" class="cookie-bar" style="display: none;">
  <div class="cookie-bar__container">
    <div role="alert" class="cookie-bar__notification">
      <div class="cookie-bar__text">
        <h2 id="cookieBarDialogTitle" class="cookie-bar__title"></h2>
        <p id="cookieBarDialogDesc" class="no-margin"></p>
      </div>
      <div class="cookie-bar__actions">
        <div class="cookie-bar__buttons"><button id="cookie-notification__accept" tabindex="1" class="cookie-bar__button cookie-bar__button--primary">
            Accept
          </button> <button id="cookie-notification__decline" tabindex="2" class="cookie-bar__button cookie-bar__button--secondary">
            Decline
          </button></div>
      </div>
    </div>
  </div>
</div>
`;
